// Jest Snapshot v1, https://goo.gl/fbAQLP

exports[`Snapshot SongItem.vue Renders correctly 1`] = `
<li
  class="example-test-id flex justify-between items-center p-3 pl-6 cursor-pointer transition duration-300 hover:bg-gray-50 example snapshot"
  id="song-id-test-id"
>
  <div>
    <router-link-stub
      class="font-bold block text-gray-600"
      to="[object Object]"
    />
    <span
      class="text-gray-500 text-sm"
    >
      test-user
    </span>
  </div>
  <div
    class="text-gray-600 text-lg"
  >
    <router-link-stub
      custom=""
      to="[object Object]"
    />
  </div>
</li>
`;
